[0.018s] Invoking command in '/home/rick/Desktop/ros2_project/slamNmap/build/robot_description': CMAKE_PREFIX_PATH=${CMAKE_PREFIX_PATH}:/opt/ros/jazzy DEBUGINFOD_URLS=https://debuginfod.ubuntu.com /usr/bin/cmake --build /home/rick/Desktop/ros2_project/slamNmap/build/robot_description -- -j8 -l8
[0.094s] Invoked command in '/home/rick/Desktop/ros2_project/slamNmap/build/robot_description' returned '0': CMAKE_PREFIX_PATH=${CMAKE_PREFIX_PATH}:/opt/ros/jazzy DEBUGINFOD_URLS=https://debuginfod.ubuntu.com /usr/bin/cmake --build /home/rick/Desktop/ros2_project/slamNmap/build/robot_description -- -j8 -l8
[0.130s] Invoking command in '/home/rick/Desktop/ros2_project/slamNmap/build/robot_description': CMAKE_PREFIX_PATH=${CMAKE_PREFIX_PATH}:/opt/ros/jazzy DEBUGINFOD_URLS=https://debuginfod.ubuntu.com /usr/bin/cmake --install /home/rick/Desktop/ros2_project/slamNmap/build/robot_description
[0.172s] -- Install configuration: ""
[0.174s] -- Up-to-date: /home/rick/Desktop/ros2_project/slamNmap/install/robot_description/share/robot_description/urdf
[0.175s] -- Installing: /home/rick/Desktop/ros2_project/slamNmap/install/robot_description/share/robot_description/urdf/car.urdf.xacro
[0.177s] -- Installing: /home/rick/Desktop/ros2_project/slamNmap/install/robot_description/share/robot_description/urdf/properties.xacro
[0.178s] -- Up-to-date: /home/rick/Desktop/ros2_project/slamNmap/install/robot_description/share/robot_description/launch
[0.179s] -- Up-to-date: /home/rick/Desktop/ros2_project/slamNmap/install/robot_description/share/robot_description/launch/display.launch.py
[0.179s] -- Up-to-date: /home/rick/Desktop/ros2_project/slamNmap/install/robot_description/share/robot_description/rviz
[0.180s] -- Up-to-date: /home/rick/Desktop/ros2_project/slamNmap/install/robot_description/share/ament_index/resource_index/package_run_dependencies/robot_description
[0.181s] -- Up-to-date: /home/rick/Desktop/ros2_project/slamNmap/install/robot_description/share/ament_index/resource_index/parent_prefix_path/robot_description
[0.181s] -- Up-to-date: /home/rick/Desktop/ros2_project/slamNmap/install/robot_description/share/robot_description/environment/ament_prefix_path.sh
[0.182s] -- Up-to-date: /home/rick/Desktop/ros2_project/slamNmap/install/robot_description/share/robot_description/environment/ament_prefix_path.dsv
[0.183s] -- Up-to-date: /home/rick/Desktop/ros2_project/slamNmap/install/robot_description/share/robot_description/environment/path.sh
[0.184s] -- Up-to-date: /home/rick/Desktop/ros2_project/slamNmap/install/robot_description/share/robot_description/environment/path.dsv
[0.186s] -- Up-to-date: /home/rick/Desktop/ros2_project/slamNmap/install/robot_description/share/robot_description/local_setup.bash
[0.192s] -- Up-to-date: /home/rick/Desktop/ros2_project/slamNmap/install/robot_description/share/robot_description/local_setup.sh
[0.194s] -- Up-to-date: /home/rick/Desktop/ros2_project/slamNmap/install/robot_description/share/robot_description/local_setup.zsh
[0.195s] -- Up-to-date: /home/rick/Desktop/ros2_project/slamNmap/install/robot_description/share/robot_description/local_setup.dsv
[0.196s] -- Installing: /home/rick/Desktop/ros2_project/slamNmap/install/robot_description/share/robot_description/package.dsv
[0.197s] -- Up-to-date: /home/rick/Desktop/ros2_project/slamNmap/install/robot_description/share/ament_index/resource_index/packages/robot_description
[0.198s] -- Up-to-date: /home/rick/Desktop/ros2_project/slamNmap/install/robot_description/share/robot_description/cmake/robot_descriptionConfig.cmake
[0.199s] -- Up-to-date: /home/rick/Desktop/ros2_project/slamNmap/install/robot_description/share/robot_description/cmake/robot_descriptionConfig-version.cmake
[0.200s] -- Up-to-date: /home/rick/Desktop/ros2_project/slamNmap/install/robot_description/share/robot_description/package.xml
[0.202s] Invoked command in '/home/rick/Desktop/ros2_project/slamNmap/build/robot_description' returned '0': CMAKE_PREFIX_PATH=${CMAKE_PREFIX_PATH}:/opt/ros/jazzy DEBUGINFOD_URLS=https://debuginfod.ubuntu.com /usr/bin/cmake --install /home/rick/Desktop/ros2_project/slamNmap/build/robot_description
