[0.022s] Invoking command in '/home/rick/Desktop/ros2_project/slamNmap/build/car_description': CMAKE_PREFIX_PATH=${CMAKE_PREFIX_PATH}:/opt/ros/jazzy DEBUGINFOD_URLS=https://debuginfod.ubuntu.com /usr/bin/cmake --build /home/rick/Desktop/ros2_project/slamNmap/build/car_description -- -j8 -l8
[0.118s] Invoked command in '/home/rick/Desktop/ros2_project/slamNmap/build/car_description' returned '0': CMAKE_PREFIX_PATH=${CMAKE_PREFIX_PATH}:/opt/ros/jazzy DEBUGINFOD_URLS=https://debuginfod.ubuntu.com /usr/bin/cmake --build /home/rick/Desktop/ros2_project/slamNmap/build/car_description -- -j8 -l8
[0.164s] Invoking command in '/home/rick/Desktop/ros2_project/slamNmap/build/car_description': CMAKE_PREFIX_PATH=${CMAKE_PREFIX_PATH}:/opt/ros/jazzy DEBUGINFOD_URLS=https://debuginfod.ubuntu.com /usr/bin/cmake --install /home/rick/Desktop/ros2_project/slamNmap/build/car_description
[0.223s] -- Install configuration: ""
[0.230s] -- Up-to-date: /home/rick/Desktop/ros2_project/slamNmap/install/car_description/share/car_description/urdf
[0.236s] -- Installing: /home/rick/Desktop/ros2_project/slamNmap/install/car_description/share/car_description/urdf/car.urdf.xacro
[0.238s] -- Up-to-date: /home/rick/Desktop/ros2_project/slamNmap/install/car_description/share/car_description/urdf/sensor.xacro
[0.251s] -- Up-to-date: /home/rick/Desktop/ros2_project/slamNmap/install/car_description/share/car_description/urdf/properties.xacro
[0.256s] -- Up-to-date: /home/rick/Desktop/ros2_project/slamNmap/install/car_description/share/car_description/urdf/ros2_control.xacro
[0.257s] -- Up-to-date: /home/rick/Desktop/ros2_project/slamNmap/install/car_description/share/car_description/launch
[0.262s] -- Up-to-date: /home/rick/Desktop/ros2_project/slamNmap/install/car_description/share/car_description/launch/gazebo.launch.py
[0.265s] -- Up-to-date: /home/rick/Desktop/ros2_project/slamNmap/install/car_description/share/car_description/launch/display.launch.py
[0.270s] -- Up-to-date: /home/rick/Desktop/ros2_project/slamNmap/install/car_description/share/car_description/rviz
[0.273s] -- Up-to-date: /home/rick/Desktop/ros2_project/slamNmap/install/car_description/share/car_description/config
[0.280s] -- Up-to-date: /home/rick/Desktop/ros2_project/slamNmap/install/car_description/share/car_description/config/ros2_control.yaml
[0.281s] -- Up-to-date: /home/rick/Desktop/ros2_project/slamNmap/install/car_description/share/ament_index/resource_index/package_run_dependencies/car_description
[0.284s] -- Up-to-date: /home/rick/Desktop/ros2_project/slamNmap/install/car_description/share/ament_index/resource_index/parent_prefix_path/car_description
[0.290s] -- Up-to-date: /home/rick/Desktop/ros2_project/slamNmap/install/car_description/share/car_description/environment/ament_prefix_path.sh
[0.292s] -- Up-to-date: /home/rick/Desktop/ros2_project/slamNmap/install/car_description/share/car_description/environment/ament_prefix_path.dsv
[0.295s] -- Up-to-date: /home/rick/Desktop/ros2_project/slamNmap/install/car_description/share/car_description/environment/path.sh
[0.301s] -- Up-to-date: /home/rick/Desktop/ros2_project/slamNmap/install/car_description/share/car_description/environment/path.dsv
[0.303s] -- Up-to-date: /home/rick/Desktop/ros2_project/slamNmap/install/car_description/share/car_description/local_setup.bash
[0.304s] -- Up-to-date: /home/rick/Desktop/ros2_project/slamNmap/install/car_description/share/car_description/local_setup.sh
[0.305s] -- Up-to-date: /home/rick/Desktop/ros2_project/slamNmap/install/car_description/share/car_description/local_setup.zsh
[0.306s] -- Up-to-date: /home/rick/Desktop/ros2_project/slamNmap/install/car_description/share/car_description/local_setup.dsv
[0.307s] -- Installing: /home/rick/Desktop/ros2_project/slamNmap/install/car_description/share/car_description/package.dsv
[0.308s] -- Up-to-date: /home/rick/Desktop/ros2_project/slamNmap/install/car_description/share/ament_index/resource_index/packages/car_description
[0.310s] -- Up-to-date: /home/rick/Desktop/ros2_project/slamNmap/install/car_description/share/car_description/cmake/car_descriptionConfig.cmake
[0.311s] -- Up-to-date: /home/rick/Desktop/ros2_project/slamNmap/install/car_description/share/car_description/cmake/car_descriptionConfig-version.cmake
[0.313s] -- Up-to-date: /home/rick/Desktop/ros2_project/slamNmap/install/car_description/share/car_description/package.xml
[0.314s] Invoked command in '/home/rick/Desktop/ros2_project/slamNmap/build/car_description' returned '0': CMAKE_PREFIX_PATH=${CMAKE_PREFIX_PATH}:/opt/ros/jazzy DEBUGINFOD_URLS=https://debuginfod.ubuntu.com /usr/bin/cmake --install /home/rick/Desktop/ros2_project/slamNmap/build/car_description
