[0.015s] Invoking command in '/home/rick/Desktop/ros2_project/slamNmap/build/robot_description': CMAKE_PREFIX_PATH=${CMAKE_PREFIX_PATH}:/opt/ros/jazzy DEBUGINFOD_URLS=https://debuginfod.ubuntu.com /usr/bin/cmake --build /home/rick/Desktop/ros2_project/slamNmap/build/robot_description -- -j8 -l8
[0.068s] Invoked command in '/home/rick/Desktop/ros2_project/slamNmap/build/robot_description' returned '0': CMAKE_PREFIX_PATH=${CMAKE_PREFIX_PATH}:/opt/ros/jazzy DEBUGINFOD_URLS=https://debuginfod.ubuntu.com /usr/bin/cmake --build /home/rick/Desktop/ros2_project/slamNmap/build/robot_description -- -j8 -l8
[0.089s] Invoking command in '/home/rick/Desktop/ros2_project/slamNmap/build/robot_description': CMAKE_PREFIX_PATH=${CMAKE_PREFIX_PATH}:/opt/ros/jazzy DEBUGINFOD_URLS=https://debuginfod.ubuntu.com /usr/bin/cmake --install /home/rick/Desktop/ros2_project/slamNmap/build/robot_description
[0.109s] -- Install configuration: ""
[0.109s] -- Up-to-date: /home/rick/Desktop/ros2_project/slamNmap/install/robot_description/share/robot_description/urdf
[0.110s] -- Installing: /home/rick/Desktop/ros2_project/slamNmap/install/robot_description/share/robot_description/urdf/car.urdf.xacro
[0.110s] -- Up-to-date: /home/rick/Desktop/ros2_project/slamNmap/install/robot_description/share/robot_description/urdf/properties.xacro
[0.111s] -- Up-to-date: /home/rick/Desktop/ros2_project/slamNmap/install/robot_description/share/robot_description/launch
[0.111s] -- Up-to-date: /home/rick/Desktop/ros2_project/slamNmap/install/robot_description/share/robot_description/launch/gazebo.launch.py
[0.111s] -- Up-to-date: /home/rick/Desktop/ros2_project/slamNmap/install/robot_description/share/robot_description/launch/display.launch.py
[0.111s] -- Up-to-date: /home/rick/Desktop/ros2_project/slamNmap/install/robot_description/share/robot_description/rviz
[0.112s] -- Up-to-date: /home/rick/Desktop/ros2_project/slamNmap/install/robot_description/share/ament_index/resource_index/package_run_dependencies/robot_description
[0.112s] -- Up-to-date: /home/rick/Desktop/ros2_project/slamNmap/install/robot_description/share/ament_index/resource_index/parent_prefix_path/robot_description
[0.112s] -- Up-to-date: /home/rick/Desktop/ros2_project/slamNmap/install/robot_description/share/robot_description/environment/ament_prefix_path.sh
[0.112s] -- Up-to-date: /home/rick/Desktop/ros2_project/slamNmap/install/robot_description/share/robot_description/environment/ament_prefix_path.dsv
[0.112s] -- Up-to-date: /home/rick/Desktop/ros2_project/slamNmap/install/robot_description/share/robot_description/environment/path.sh
[0.113s] -- Up-to-date: /home/rick/Desktop/ros2_project/slamNmap/install/robot_description/share/robot_description/environment/path.dsv
[0.113s] -- Up-to-date: /home/rick/Desktop/ros2_project/slamNmap/install/robot_description/share/robot_description/local_setup.bash
[0.113s] -- Up-to-date: /home/rick/Desktop/ros2_project/slamNmap/install/robot_description/share/robot_description/local_setup.sh
[0.113s] -- Up-to-date: /home/rick/Desktop/ros2_project/slamNmap/install/robot_description/share/robot_description/local_setup.zsh
[0.113s] -- Up-to-date: /home/rick/Desktop/ros2_project/slamNmap/install/robot_description/share/robot_description/local_setup.dsv
[0.114s] -- Installing: /home/rick/Desktop/ros2_project/slamNmap/install/robot_description/share/robot_description/package.dsv
[0.114s] -- Up-to-date: /home/rick/Desktop/ros2_project/slamNmap/install/robot_description/share/ament_index/resource_index/packages/robot_description
[0.114s] -- Up-to-date: /home/rick/Desktop/ros2_project/slamNmap/install/robot_description/share/robot_description/cmake/robot_descriptionConfig.cmake
[0.115s] -- Up-to-date: /home/rick/Desktop/ros2_project/slamNmap/install/robot_description/share/robot_description/cmake/robot_descriptionConfig-version.cmake
[0.116s] -- Up-to-date: /home/rick/Desktop/ros2_project/slamNmap/install/robot_description/share/robot_description/package.xml
[0.117s] Invoked command in '/home/rick/Desktop/ros2_project/slamNmap/build/robot_description' returned '0': CMAKE_PREFIX_PATH=${CMAKE_PREFIX_PATH}:/opt/ros/jazzy DEBUGINFOD_URLS=https://debuginfod.ubuntu.com /usr/bin/cmake --install /home/rick/Desktop/ros2_project/slamNmap/build/robot_description
