[0.018s] Invoking command in '/home/rick/Desktop/ros2_project/slamNmap/build/robot_description': CMAKE_PREFIX_PATH=${CMAKE_PREFIX_PATH}:/opt/ros/jazzy DEBUGINFOD_URLS=https://debuginfod.ubuntu.com /usr/bin/cmake /home/rick/Desktop/ros2_project/slamNmap/src/robot_description -DCMAKE_INSTALL_PREFIX=/home/rick/Desktop/ros2_project/slamNmap/install/robot_description
[0.096s] -- The C compiler identification is GNU 13.3.0
[0.177s] -- The CXX compiler identification is GNU 13.3.0
[0.195s] -- Detecting C compiler ABI info
[0.297s] -- Detecting C compiler ABI info - done
[0.318s] -- Check for working C compiler: /usr/bin/cc - skipped
[0.318s] -- Detecting C compile features
[0.319s] -- Detecting C compile features - done
[0.329s] -- Detecting CXX compiler ABI info
[0.450s] -- Detecting CXX compiler ABI info - done
[0.471s] -- Check for working CXX compiler: /usr/bin/c++ - skipped
[0.472s] -- Detecting CXX compile features
[0.473s] -- Detecting CXX compile features - done
[0.476s] -- Found ament_cmake: 2.5.5 (/opt/ros/jazzy/share/ament_cmake/cmake)
[0.672s] -- Found Python3: /usr/bin/python3 (found version "3.12.3") found components: Interpreter 
[0.819s] -- Found ament_lint_auto: 0.17.4 (/opt/ros/jazzy/share/ament_lint_auto/cmake)
[0.971s] -- Added test 'flake8' to check Python code syntax and style conventions
[0.972s] -- Configured 'flake8' exclude dirs and/or files: 
[0.973s] -- Added test 'lint_cmake' to check CMake code style
[0.973s] -- Added test 'pep257' to check Python code against some of the docstring style conventions in PEP 257
[0.975s] -- Added test 'xmllint' to check XML markup files
[0.977s] -- Configuring done (1.0s)
[0.982s] -- Generating done (0.0s)
[0.985s] -- Build files have been written to: /home/rick/Desktop/ros2_project/slamNmap/build/robot_description
[0.993s] Invoked command in '/home/rick/Desktop/ros2_project/slamNmap/build/robot_description' returned '0': CMAKE_PREFIX_PATH=${CMAKE_PREFIX_PATH}:/opt/ros/jazzy DEBUGINFOD_URLS=https://debuginfod.ubuntu.com /usr/bin/cmake /home/rick/Desktop/ros2_project/slamNmap/src/robot_description -DCMAKE_INSTALL_PREFIX=/home/rick/Desktop/ros2_project/slamNmap/install/robot_description
[0.994s] Invoking command in '/home/rick/Desktop/ros2_project/slamNmap/build/robot_description': CMAKE_PREFIX_PATH=${CMAKE_PREFIX_PATH}:/opt/ros/jazzy DEBUGINFOD_URLS=https://debuginfod.ubuntu.com /usr/bin/cmake --build /home/rick/Desktop/ros2_project/slamNmap/build/robot_description -- -j8 -l8
[1.035s] Invoked command in '/home/rick/Desktop/ros2_project/slamNmap/build/robot_description' returned '0': CMAKE_PREFIX_PATH=${CMAKE_PREFIX_PATH}:/opt/ros/jazzy DEBUGINFOD_URLS=https://debuginfod.ubuntu.com /usr/bin/cmake --build /home/rick/Desktop/ros2_project/slamNmap/build/robot_description -- -j8 -l8
[1.045s] Invoking command in '/home/rick/Desktop/ros2_project/slamNmap/build/robot_description': CMAKE_PREFIX_PATH=${CMAKE_PREFIX_PATH}:/opt/ros/jazzy DEBUGINFOD_URLS=https://debuginfod.ubuntu.com /usr/bin/cmake --install /home/rick/Desktop/ros2_project/slamNmap/build/robot_description
[1.055s] -- Install configuration: ""
[1.055s] -- Installing: /home/rick/Desktop/ros2_project/slamNmap/install/robot_description/share/robot_description/urdf
[1.055s] -- Installing: /home/rick/Desktop/ros2_project/slamNmap/install/robot_description/share/robot_description/urdf/car.urdf.xacro
[1.056s] -- Installing: /home/rick/Desktop/ros2_project/slamNmap/install/robot_description/share/robot_description/launch
[1.056s] -- Installing: /home/rick/Desktop/ros2_project/slamNmap/install/robot_description/share/robot_description/launch/display.launch.py
[1.056s] -- Installing: /home/rick/Desktop/ros2_project/slamNmap/install/robot_description/share/robot_description/rviz
[1.056s] -- Installing: /home/rick/Desktop/ros2_project/slamNmap/install/robot_description/share/ament_index/resource_index/package_run_dependencies/robot_description
[1.057s] -- Installing: /home/rick/Desktop/ros2_project/slamNmap/install/robot_description/share/ament_index/resource_index/parent_prefix_path/robot_description
[1.057s] -- Installing: /home/rick/Desktop/ros2_project/slamNmap/install/robot_description/share/robot_description/environment/ament_prefix_path.sh
[1.057s] -- Installing: /home/rick/Desktop/ros2_project/slamNmap/install/robot_description/share/robot_description/environment/ament_prefix_path.dsv
[1.057s] -- Installing: /home/rick/Desktop/ros2_project/slamNmap/install/robot_description/share/robot_description/environment/path.sh
[1.057s] -- Installing: /home/rick/Desktop/ros2_project/slamNmap/install/robot_description/share/robot_description/environment/path.dsv
[1.057s] -- Installing: /home/rick/Desktop/ros2_project/slamNmap/install/robot_description/share/robot_description/local_setup.bash
[1.058s] -- Installing: /home/rick/Desktop/ros2_project/slamNmap/install/robot_description/share/robot_description/local_setup.sh
[1.058s] -- Installing: /home/rick/Desktop/ros2_project/slamNmap/install/robot_description/share/robot_description/local_setup.zsh
[1.058s] -- Installing: /home/rick/Desktop/ros2_project/slamNmap/install/robot_description/share/robot_description/local_setup.dsv
[1.058s] -- Installing: /home/rick/Desktop/ros2_project/slamNmap/install/robot_description/share/robot_description/package.dsv
[1.058s] -- Installing: /home/rick/Desktop/ros2_project/slamNmap/install/robot_description/share/ament_index/resource_index/packages/robot_description
[1.059s] -- Installing: /home/rick/Desktop/ros2_project/slamNmap/install/robot_description/share/robot_description/cmake/robot_descriptionConfig.cmake
[1.059s] -- Installing: /home/rick/Desktop/ros2_project/slamNmap/install/robot_description/share/robot_description/cmake/robot_descriptionConfig-version.cmake
[1.059s] -- Installing: /home/rick/Desktop/ros2_project/slamNmap/install/robot_description/share/robot_description/package.xml
[1.064s] Invoked command in '/home/rick/Desktop/ros2_project/slamNmap/build/robot_description' returned '0': CMAKE_PREFIX_PATH=${CMAKE_PREFIX_PATH}:/opt/ros/jazzy DEBUGINFOD_URLS=https://debuginfod.ubuntu.com /usr/bin/cmake --install /home/rick/Desktop/ros2_project/slamNmap/build/robot_description
