[0.011s] Invoking command in '/home/rick/Desktop/ros2_project/slamNmap/build/car_description': CMAKE_PREFIX_PATH=${CMAKE_PREFIX_PATH}:/opt/ros/jazzy DEBUGINFOD_URLS=https://debuginfod.ubuntu.com /usr/bin/cmake /home/rick/Desktop/ros2_project/slamNmap/src/car_description -DCMAKE_INSTALL_PREFIX=/home/rick/Desktop/ros2_project/slamNmap/install/car_description
[0.094s] -- The C compiler identification is GNU 13.3.0
[0.298s] -- The CXX compiler identification is GNU 13.3.0
[0.374s] -- Detecting C compiler ABI info
[0.753s] -- Detecting C compiler ABI info - done
[0.799s] -- Check for working C compiler: /usr/bin/cc - skipped
[0.800s] -- Detecting C compile features
[0.802s] -- Detecting C compile features - done
[0.844s] -- Detecting CXX compiler ABI info
[1.330s] -- Detecting CXX compiler ABI info - done
[1.349s] -- Check for working CXX compiler: /usr/bin/c++ - skipped
[1.350s] -- Detecting CXX compile features
[1.351s] -- Detecting CXX compile features - done
[1.359s] -- Found ament_cmake: 2.5.5 (/opt/ros/jazzy/share/ament_cmake/cmake)
[1.641s] -- Found Python3: /usr/bin/python3 (found version "3.12.3") found components: Interpreter 
[1.812s] -- Found ament_lint_auto: 0.17.4 (/opt/ros/jazzy/share/ament_lint_auto/cmake)
[1.979s] -- Added test 'flake8' to check Python code syntax and style conventions
[1.979s] -- Configured 'flake8' exclude dirs and/or files: 
[1.980s] -- Added test 'lint_cmake' to check CMake code style
[1.982s] -- Added test 'pep257' to check Python code against some of the docstring style conventions in PEP 257
[1.984s] -- Added test 'xmllint' to check XML markup files
[1.987s] -- Configuring done (2.0s)
[1.991s] -- Generating done (0.0s)
[1.993s] -- Build files have been written to: /home/rick/Desktop/ros2_project/slamNmap/build/car_description
[2.000s] Invoked command in '/home/rick/Desktop/ros2_project/slamNmap/build/car_description' returned '0': CMAKE_PREFIX_PATH=${CMAKE_PREFIX_PATH}:/opt/ros/jazzy DEBUGINFOD_URLS=https://debuginfod.ubuntu.com /usr/bin/cmake /home/rick/Desktop/ros2_project/slamNmap/src/car_description -DCMAKE_INSTALL_PREFIX=/home/rick/Desktop/ros2_project/slamNmap/install/car_description
[2.002s] Invoking command in '/home/rick/Desktop/ros2_project/slamNmap/build/car_description': CMAKE_PREFIX_PATH=${CMAKE_PREFIX_PATH}:/opt/ros/jazzy DEBUGINFOD_URLS=https://debuginfod.ubuntu.com /usr/bin/cmake --build /home/rick/Desktop/ros2_project/slamNmap/build/car_description -- -j8 -l8
[2.059s] Invoked command in '/home/rick/Desktop/ros2_project/slamNmap/build/car_description' returned '0': CMAKE_PREFIX_PATH=${CMAKE_PREFIX_PATH}:/opt/ros/jazzy DEBUGINFOD_URLS=https://debuginfod.ubuntu.com /usr/bin/cmake --build /home/rick/Desktop/ros2_project/slamNmap/build/car_description -- -j8 -l8
[2.072s] Invoking command in '/home/rick/Desktop/ros2_project/slamNmap/build/car_description': CMAKE_PREFIX_PATH=${CMAKE_PREFIX_PATH}:/opt/ros/jazzy DEBUGINFOD_URLS=https://debuginfod.ubuntu.com /usr/bin/cmake --install /home/rick/Desktop/ros2_project/slamNmap/build/car_description
[2.083s] -- Install configuration: ""
[2.083s] -- Installing: /home/rick/Desktop/ros2_project/slamNmap/install/car_description/share/car_description/urdf
[2.084s] -- Installing: /home/rick/Desktop/ros2_project/slamNmap/install/car_description/share/car_description/urdf/car.urdf.xacro
[2.084s] -- Installing: /home/rick/Desktop/ros2_project/slamNmap/install/car_description/share/car_description/urdf/properties.xacro
[2.084s] -- Installing: /home/rick/Desktop/ros2_project/slamNmap/install/car_description/share/car_description/urdf/ros2_control.xacro
[2.084s] -- Installing: /home/rick/Desktop/ros2_project/slamNmap/install/car_description/share/car_description/launch
[2.084s] -- Installing: /home/rick/Desktop/ros2_project/slamNmap/install/car_description/share/car_description/launch/gazebo.launch.py
[2.084s] -- Installing: /home/rick/Desktop/ros2_project/slamNmap/install/car_description/share/car_description/launch/display.launch.py
[2.085s] -- Installing: /home/rick/Desktop/ros2_project/slamNmap/install/car_description/share/car_description/rviz
[2.085s] -- Installing: /home/rick/Desktop/ros2_project/slamNmap/install/car_description/share/car_description/config
[2.085s] -- Installing: /home/rick/Desktop/ros2_project/slamNmap/install/car_description/share/car_description/config/ros2_control.yaml
[2.085s] -- Installing: /home/rick/Desktop/ros2_project/slamNmap/install/car_description/share/ament_index/resource_index/package_run_dependencies/car_description
[2.085s] -- Installing: /home/rick/Desktop/ros2_project/slamNmap/install/car_description/share/ament_index/resource_index/parent_prefix_path/car_description
[2.085s] -- Installing: /home/rick/Desktop/ros2_project/slamNmap/install/car_description/share/car_description/environment/ament_prefix_path.sh
[2.085s] -- Installing: /home/rick/Desktop/ros2_project/slamNmap/install/car_description/share/car_description/environment/ament_prefix_path.dsv
[2.085s] -- Installing: /home/rick/Desktop/ros2_project/slamNmap/install/car_description/share/car_description/environment/path.sh
[2.086s] -- Installing: /home/rick/Desktop/ros2_project/slamNmap/install/car_description/share/car_description/environment/path.dsv
[2.086s] -- Installing: /home/rick/Desktop/ros2_project/slamNmap/install/car_description/share/car_description/local_setup.bash
[2.086s] -- Installing: /home/rick/Desktop/ros2_project/slamNmap/install/car_description/share/car_description/local_setup.sh
[2.086s] -- Installing: /home/rick/Desktop/ros2_project/slamNmap/install/car_description/share/car_description/local_setup.zsh
[2.086s] -- Installing: /home/rick/Desktop/ros2_project/slamNmap/install/car_description/share/car_description/local_setup.dsv
[2.086s] -- Installing: /home/rick/Desktop/ros2_project/slamNmap/install/car_description/share/car_description/package.dsv
[2.087s] -- Installing: /home/rick/Desktop/ros2_project/slamNmap/install/car_description/share/ament_index/resource_index/packages/car_description
[2.087s] -- Installing: /home/rick/Desktop/ros2_project/slamNmap/install/car_description/share/car_description/cmake/car_descriptionConfig.cmake
[2.087s] -- Installing: /home/rick/Desktop/ros2_project/slamNmap/install/car_description/share/car_description/cmake/car_descriptionConfig-version.cmake
[2.087s] -- Installing: /home/rick/Desktop/ros2_project/slamNmap/install/car_description/share/car_description/package.xml
[2.090s] Invoked command in '/home/rick/Desktop/ros2_project/slamNmap/build/car_description' returned '0': CMAKE_PREFIX_PATH=${CMAKE_PREFIX_PATH}:/opt/ros/jazzy DEBUGINFOD_URLS=https://debuginfod.ubuntu.com /usr/bin/cmake --install /home/rick/Desktop/ros2_project/slamNmap/build/car_description
