[0.021s] Invoking command in '/home/rick/Desktop/ros2_project/slamNmap/build/car_description': CMAKE_PREFIX_PATH=${CMAKE_PREFIX_PATH}:/opt/ros/jazzy DEBUGINFOD_URLS=https://debuginfod.ubuntu.com /usr/bin/cmake --build /home/rick/Desktop/ros2_project/slamNmap/build/car_description -- -j8 -l8
[0.066s] -- Found ament_cmake: 2.5.5 (/opt/ros/jazzy/share/ament_cmake/cmake)
[0.344s] -- Found ament_lint_auto: 0.17.4 (/opt/ros/jazzy/share/ament_lint_auto/cmake)
[0.467s] -- Added test 'flake8' to check Python code syntax and style conventions
[0.467s] -- Configured 'flake8' exclude dirs and/or files: 
[0.469s] -- Added test 'lint_cmake' to check CMake code style
[0.470s] -- Added test 'pep257' to check Python code against some of the docstring style conventions in PEP 257
[0.472s] -- Added test 'xmllint' to check XML markup files
[0.475s] -- Configuring done (0.4s)
[0.489s] -- Generating done (0.0s)
[0.493s] -- Build files have been written to: /home/rick/Desktop/ros2_project/slamNmap/build/car_description
[0.523s] Invoked command in '/home/rick/Desktop/ros2_project/slamNmap/build/car_description' returned '0': CMAKE_PREFIX_PATH=${CMAKE_PREFIX_PATH}:/opt/ros/jazzy DEBUGINFOD_URLS=https://debuginfod.ubuntu.com /usr/bin/cmake --build /home/rick/Desktop/ros2_project/slamNmap/build/car_description -- -j8 -l8
[0.536s] Invoking command in '/home/rick/Desktop/ros2_project/slamNmap/build/car_description': CMAKE_PREFIX_PATH=${CMAKE_PREFIX_PATH}:/opt/ros/jazzy DEBUGINFOD_URLS=https://debuginfod.ubuntu.com /usr/bin/cmake --install /home/rick/Desktop/ros2_project/slamNmap/build/car_description
[0.546s] -- Install configuration: ""
[0.546s] -- Up-to-date: /home/rick/Desktop/ros2_project/slamNmap/install/car_description/share/car_description/urdf
[0.546s] -- Up-to-date: /home/rick/Desktop/ros2_project/slamNmap/install/car_description/share/car_description/urdf/car.urdf.xacro
[0.547s] -- Up-to-date: /home/rick/Desktop/ros2_project/slamNmap/install/car_description/share/car_description/urdf/sensor.xacro
[0.547s] -- Up-to-date: /home/rick/Desktop/ros2_project/slamNmap/install/car_description/share/car_description/urdf/properties.xacro
[0.547s] -- Up-to-date: /home/rick/Desktop/ros2_project/slamNmap/install/car_description/share/car_description/urdf/ros2_control.xacro
[0.547s] -- Up-to-date: /home/rick/Desktop/ros2_project/slamNmap/install/car_description/share/car_description/launch
[0.547s] -- Up-to-date: /home/rick/Desktop/ros2_project/slamNmap/install/car_description/share/car_description/launch/gazebo.launch.py
[0.547s] -- Up-to-date: /home/rick/Desktop/ros2_project/slamNmap/install/car_description/share/car_description/launch/display.launch.py
[0.548s] -- Up-to-date: /home/rick/Desktop/ros2_project/slamNmap/install/car_description/share/car_description/rviz
[0.549s] -- Up-to-date: /home/rick/Desktop/ros2_project/slamNmap/install/car_description/share/car_description/config
[0.549s] -- Up-to-date: /home/rick/Desktop/ros2_project/slamNmap/install/car_description/share/car_description/config/ros2_control.yaml
[0.549s] -- Installing: /home/rick/Desktop/ros2_project/slamNmap/install/car_description/share/car_description/world
[0.549s] -- Installing: /home/rick/Desktop/ros2_project/slamNmap/install/car_description/share/car_description/world/test.sdf
[0.549s] -- Up-to-date: /home/rick/Desktop/ros2_project/slamNmap/install/car_description/share/ament_index/resource_index/package_run_dependencies/car_description
[0.550s] -- Installing: /home/rick/Desktop/ros2_project/slamNmap/install/car_description/share/ament_index/resource_index/parent_prefix_path/car_description
[0.550s] -- Up-to-date: /home/rick/Desktop/ros2_project/slamNmap/install/car_description/share/car_description/environment/ament_prefix_path.sh
[0.550s] -- Up-to-date: /home/rick/Desktop/ros2_project/slamNmap/install/car_description/share/car_description/environment/ament_prefix_path.dsv
[0.550s] -- Up-to-date: /home/rick/Desktop/ros2_project/slamNmap/install/car_description/share/car_description/environment/path.sh
[0.550s] -- Up-to-date: /home/rick/Desktop/ros2_project/slamNmap/install/car_description/share/car_description/environment/path.dsv
[0.550s] -- Up-to-date: /home/rick/Desktop/ros2_project/slamNmap/install/car_description/share/car_description/local_setup.bash
[0.551s] -- Up-to-date: /home/rick/Desktop/ros2_project/slamNmap/install/car_description/share/car_description/local_setup.sh
[0.551s] -- Up-to-date: /home/rick/Desktop/ros2_project/slamNmap/install/car_description/share/car_description/local_setup.zsh
[0.551s] -- Up-to-date: /home/rick/Desktop/ros2_project/slamNmap/install/car_description/share/car_description/local_setup.dsv
[0.551s] -- Installing: /home/rick/Desktop/ros2_project/slamNmap/install/car_description/share/car_description/package.dsv
[0.551s] -- Up-to-date: /home/rick/Desktop/ros2_project/slamNmap/install/car_description/share/ament_index/resource_index/packages/car_description
[0.551s] -- Up-to-date: /home/rick/Desktop/ros2_project/slamNmap/install/car_description/share/car_description/cmake/car_descriptionConfig.cmake
[0.552s] -- Up-to-date: /home/rick/Desktop/ros2_project/slamNmap/install/car_description/share/car_description/cmake/car_descriptionConfig-version.cmake
[0.552s] -- Up-to-date: /home/rick/Desktop/ros2_project/slamNmap/install/car_description/share/car_description/package.xml
[0.552s] Invoked command in '/home/rick/Desktop/ros2_project/slamNmap/build/car_description' returned '0': CMAKE_PREFIX_PATH=${CMAKE_PREFIX_PATH}:/opt/ros/jazzy DEBUGINFOD_URLS=https://debuginfod.ubuntu.com /usr/bin/cmake --install /home/rick/Desktop/ros2_project/slamNmap/build/car_description
